.venv/bin/python -m src.append_check --baseline origin/main
append_check: clean against origin/main
.venv/bin/python -m src.plain_name_check --changed --baseline origin/main
.venv/bin/python -m pytest tests -q
........................................................................ [  2%]
........................................................................ [  4%]
..x.x.x.x...x...x....................................................... [  6%]
........................................................................ [  8%]
........................................................................ [ 10%]
........................................................................ [ 12%]
........................................................................ [ 14%]
........................................................................ [ 16%]
........................................................................ [ 18%]
........................................................................ [ 20%]
........................................................................ [ 22%]
........................................................................ [ 24%]
........................................................................ [ 26%]
........................................................................ [ 28%]
........................................................................ [ 30%]
........................................................................ [ 32%]
........................................................................ [ 34%]
........................................................................ [ 36%]
........................................................................ [ 38%]
........................................................................ [ 40%]
........................................................................ [ 42%]
........................................................................ [ 44%]
........................................................................ [ 46%]
........................................................................ [ 48%]
........................................................................ [ 50%]
........................................................................ [ 52%]
........s............................................................... [ 54%]
........................................................................ [ 56%]
........................................................................ [ 58%]
........................................................................ [ 60%]
........................................................................ [ 62%]
........................................................................ [ 64%]
....................................................xx...x...x.......... [ 66%]
........................................................................ [ 68%]
...................................................................xxxxx [ 70%]
x.xxx................................................................... [ 72%]
........................................................................ [ 74%]
........................................................................ [ 76%]
........................................................................ [ 78%]
........................................................................ [ 80%]
........................................................................ [ 82%]
........................................................................ [ 84%]
........................................................................ [ 86%]
........................................................................ [ 88%]
........................................................................ [ 90%]
.............................................................s.......... [ 92%]
.............s.......................s.......................s.......... [ 94%]
..............s......................................................... [ 96%]
........................................................................ [ 98%]
........................................................................ [100%]
3575 passed, 6 skipped, 19 xfailed in 783.35s (0:13:03)
